###############################################################################
#
# IAR ELF Linker V7.30.4.8167/W32 for ARM                 22/Mar/2015  20:15:27
# Copyright 2007-2014 IAR Systems AB.
#
#    Output file  =  
#        F:\EIT 3\Foundations of Cyber Physical
#        Systems\Micrium\Software\EvalBoards\TI\LM3S9B92-EVALBOT\IAR\uCOS-III-Path\Flash\Exe\uCOS-III-Ex3.out
#    Map file     =  
#        F:\EIT 3\Foundations of Cyber Physical
#        Systems\Micrium\Software\EvalBoards\TI\LM3S9B92-EVALBOT\IAR\uCOS-III-Path\Flash\List\uCOS-III-Ex3.map
#    Command line =  
#        "F:\EIT 3\Foundations of Cyber Physical
#        Systems\Micrium\Software\EvalBoards\TI\LM3S9B92-EVALBOT\IAR\uCOS-III-Path\Flash\Obj\adc.o"
#        "F:\EIT 3\Foundations of Cyber Physical
#        Systems\Micrium\Software\EvalBoards\TI\LM3S9B92-EVALBOT\IAR\uCOS-III-Path\Flash\Obj\app.o"
#        "F:\EIT 3\Foundations of Cyber Physical
#        Systems\Micrium\Software\EvalBoards\TI\LM3S9B92-EVALBOT\IAR\uCOS-III-Path\Flash\Obj\app_probe.o"
#        "F:\EIT 3\Foundations of Cyber Physical
#        Systems\Micrium\Software\EvalBoards\TI\LM3S9B92-EVALBOT\IAR\uCOS-III-Path\Flash\Obj\app_vect.o"
#        "F:\EIT 3\Foundations of Cyber Physical
#        Systems\Micrium\Software\EvalBoards\TI\LM3S9B92-EVALBOT\IAR\uCOS-III-Path\Flash\Obj\bsp.o"
#        "F:\EIT 3\Foundations of Cyber Physical
#        Systems\Micrium\Software\EvalBoards\TI\LM3S9B92-EVALBOT\IAR\uCOS-III-Path\Flash\Obj\bsp_dac.o"
#        "F:\EIT 3\Foundations of Cyber Physical
#        Systems\Micrium\Software\EvalBoards\TI\LM3S9B92-EVALBOT\IAR\uCOS-III-Path\Flash\Obj\bsp_display.o"
#        "F:\EIT 3\Foundations of Cyber Physical
#        Systems\Micrium\Software\EvalBoards\TI\LM3S9B92-EVALBOT\IAR\uCOS-III-Path\Flash\Obj\bsp_int.o"
#        "F:\EIT 3\Foundations of Cyber Physical
#        Systems\Micrium\Software\EvalBoards\TI\LM3S9B92-EVALBOT\IAR\uCOS-III-Path\Flash\Obj\bsp_io.o"
#        "F:\EIT 3\Foundations of Cyber Physical
#        Systems\Micrium\Software\EvalBoards\TI\LM3S9B92-EVALBOT\IAR\uCOS-III-Path\Flash\Obj\bsp_motor.o"
#        "F:\EIT 3\Foundations of Cyber Physical
#        Systems\Micrium\Software\EvalBoards\TI\LM3S9B92-EVALBOT\IAR\uCOS-III-Path\Flash\Obj\bsp_sensors.o"
#        "F:\EIT 3\Foundations of Cyber Physical
#        Systems\Micrium\Software\EvalBoards\TI\LM3S9B92-EVALBOT\IAR\uCOS-III-Path\Flash\Obj\bsp_sound.o"
#        "F:\EIT 3\Foundations of Cyber Physical
#        Systems\Micrium\Software\EvalBoards\TI\LM3S9B92-EVALBOT\IAR\uCOS-III-Path\Flash\Obj\bsp_wav.o"
#        "F:\EIT 3\Foundations of Cyber Physical
#        Systems\Micrium\Software\EvalBoards\TI\LM3S9B92-EVALBOT\IAR\uCOS-III-Path\Flash\Obj\can.o"
#        "F:\EIT 3\Foundations of Cyber Physical
#        Systems\Micrium\Software\EvalBoards\TI\LM3S9B92-EVALBOT\IAR\uCOS-III-Path\Flash\Obj\comp.o"
#        "F:\EIT 3\Foundations of Cyber Physical
#        Systems\Micrium\Software\EvalBoards\TI\LM3S9B92-EVALBOT\IAR\uCOS-III-Path\Flash\Obj\cpu_.o"
#        "F:\EIT 3\Foundations of Cyber Physical
#        Systems\Micrium\Software\EvalBoards\TI\LM3S9B92-EVALBOT\IAR\uCOS-III-Path\Flash\Obj\cpu_a.o"
#        "F:\EIT 3\Foundations of Cyber Physical
#        Systems\Micrium\Software\EvalBoards\TI\LM3S9B92-EVALBOT\IAR\uCOS-III-Path\Flash\Obj\cpu_bsp.o"
#        "F:\EIT 3\Foundations of Cyber Physical
#        Systems\Micrium\Software\EvalBoards\TI\LM3S9B92-EVALBOT\IAR\uCOS-III-Path\Flash\Obj\cpu_c.o"
#        "F:\EIT 3\Foundations of Cyber Physical
#        Systems\Micrium\Software\EvalBoards\TI\LM3S9B92-EVALBOT\IAR\uCOS-III-Path\Flash\Obj\cpu_core.o"
#        "F:\EIT 3\Foundations of Cyber Physical
#        Systems\Micrium\Software\EvalBoards\TI\LM3S9B92-EVALBOT\IAR\uCOS-III-Path\Flash\Obj\ethernet.o"
#        "F:\EIT 3\Foundations of Cyber Physical
#        Systems\Micrium\Software\EvalBoards\TI\LM3S9B92-EVALBOT\IAR\uCOS-III-Path\Flash\Obj\flash.o"
#        "F:\EIT 3\Foundations of Cyber Physical
#        Systems\Micrium\Software\EvalBoards\TI\LM3S9B92-EVALBOT\IAR\uCOS-III-Path\Flash\Obj\gpio.o"
#        "F:\EIT 3\Foundations of Cyber Physical
#        Systems\Micrium\Software\EvalBoards\TI\LM3S9B92-EVALBOT\IAR\uCOS-III-Path\Flash\Obj\hibernate.o"
#        "F:\EIT 3\Foundations of Cyber Physical
#        Systems\Micrium\Software\EvalBoards\TI\LM3S9B92-EVALBOT\IAR\uCOS-III-Path\Flash\Obj\i2c.o"
#        "F:\EIT 3\Foundations of Cyber Physical
#        Systems\Micrium\Software\EvalBoards\TI\LM3S9B92-EVALBOT\IAR\uCOS-III-Path\Flash\Obj\i2s.o"
#        "F:\EIT 3\Foundations of Cyber Physical
#        Systems\Micrium\Software\EvalBoards\TI\LM3S9B92-EVALBOT\IAR\uCOS-III-Path\Flash\Obj\interrupt.o"
#        "F:\EIT 3\Foundations of Cyber Physical
#        Systems\Micrium\Software\EvalBoards\TI\LM3S9B92-EVALBOT\IAR\uCOS-III-Path\Flash\Obj\lib_ascii.o"
#        "F:\EIT 3\Foundations of Cyber Physical
#        Systems\Micrium\Software\EvalBoards\TI\LM3S9B92-EVALBOT\IAR\uCOS-III-Path\Flash\Obj\lib_math.o"
#        "F:\EIT 3\Foundations of Cyber Physical
#        Systems\Micrium\Software\EvalBoards\TI\LM3S9B92-EVALBOT\IAR\uCOS-III-Path\Flash\Obj\lib_mem.o"
#        "F:\EIT 3\Foundations of Cyber Physical
#        Systems\Micrium\Software\EvalBoards\TI\LM3S9B92-EVALBOT\IAR\uCOS-III-Path\Flash\Obj\lib_str.o"
#        "F:\EIT 3\Foundations of Cyber Physical
#        Systems\Micrium\Software\EvalBoards\TI\LM3S9B92-EVALBOT\IAR\uCOS-III-Path\Flash\Obj\mpu.o"
#        "F:\EIT 3\Foundations of Cyber Physical
#        Systems\Micrium\Software\EvalBoards\TI\LM3S9B92-EVALBOT\IAR\uCOS-III-Path\Flash\Obj\os_app_hooks.o"
#        "F:\EIT 3\Foundations of Cyber Physical
#        Systems\Micrium\Software\EvalBoards\TI\LM3S9B92-EVALBOT\IAR\uCOS-III-Path\Flash\Obj\os_cfg_app.o"
#        "F:\EIT 3\Foundations of Cyber Physical
#        Systems\Micrium\Software\EvalBoards\TI\LM3S9B92-EVALBOT\IAR\uCOS-III-Path\Flash\Obj\os_core.o"
#        "F:\EIT 3\Foundations of Cyber Physical
#        Systems\Micrium\Software\EvalBoards\TI\LM3S9B92-EVALBOT\IAR\uCOS-III-Path\Flash\Obj\os_cpu_a.o"
#        "F:\EIT 3\Foundations of Cyber Physical
#        Systems\Micrium\Software\EvalBoards\TI\LM3S9B92-EVALBOT\IAR\uCOS-III-Path\Flash\Obj\os_cpu_c.o"
#        "F:\EIT 3\Foundations of Cyber Physical
#        Systems\Micrium\Software\EvalBoards\TI\LM3S9B92-EVALBOT\IAR\uCOS-III-Path\Flash\Obj\os_dbg.o"
#        "F:\EIT 3\Foundations of Cyber Physical
#        Systems\Micrium\Software\EvalBoards\TI\LM3S9B92-EVALBOT\IAR\uCOS-III-Path\Flash\Obj\os_flag.o"
#        "F:\EIT 3\Foundations of Cyber Physical
#        Systems\Micrium\Software\EvalBoards\TI\LM3S9B92-EVALBOT\IAR\uCOS-III-Path\Flash\Obj\os_int.o"
#        "F:\EIT 3\Foundations of Cyber Physical
#        Systems\Micrium\Software\EvalBoards\TI\LM3S9B92-EVALBOT\IAR\uCOS-III-Path\Flash\Obj\os_mem.o"
#        "F:\EIT 3\Foundations of Cyber Physical
#        Systems\Micrium\Software\EvalBoards\TI\LM3S9B92-EVALBOT\IAR\uCOS-III-Path\Flash\Obj\os_msg.o"
#        "F:\EIT 3\Foundations of Cyber Physical
#        Systems\Micrium\Software\EvalBoards\TI\LM3S9B92-EVALBOT\IAR\uCOS-III-Path\Flash\Obj\os_mutex.o"
#        "F:\EIT 3\Foundations of Cyber Physical
#        Systems\Micrium\Software\EvalBoards\TI\LM3S9B92-EVALBOT\IAR\uCOS-III-Path\Flash\Obj\os_pend_multi.o"
#        "F:\EIT 3\Foundations of Cyber Physical
#        Systems\Micrium\Software\EvalBoards\TI\LM3S9B92-EVALBOT\IAR\uCOS-III-Path\Flash\Obj\os_prio.o"
#        "F:\EIT 3\Foundations of Cyber Physical
#        Systems\Micrium\Software\EvalBoards\TI\LM3S9B92-EVALBOT\IAR\uCOS-III-Path\Flash\Obj\os_q.o"
#        "F:\EIT 3\Foundations of Cyber Physical
#        Systems\Micrium\Software\EvalBoards\TI\LM3S9B92-EVALBOT\IAR\uCOS-III-Path\Flash\Obj\os_sem.o"
#        "F:\EIT 3\Foundations of Cyber Physical
#        Systems\Micrium\Software\EvalBoards\TI\LM3S9B92-EVALBOT\IAR\uCOS-III-Path\Flash\Obj\os_stat.o"
#        "F:\EIT 3\Foundations of Cyber Physical
#        Systems\Micrium\Software\EvalBoards\TI\LM3S9B92-EVALBOT\IAR\uCOS-III-Path\Flash\Obj\os_task.o"
#        "F:\EIT 3\Foundations of Cyber Physical
#        Systems\Micrium\Software\EvalBoards\TI\LM3S9B92-EVALBOT\IAR\uCOS-III-Path\Flash\Obj\os_tick.o"
#        "F:\EIT 3\Foundations of Cyber Physical
#        Systems\Micrium\Software\EvalBoards\TI\LM3S9B92-EVALBOT\IAR\uCOS-III-Path\Flash\Obj\os_time.o"
#        "F:\EIT 3\Foundations of Cyber Physical
#        Systems\Micrium\Software\EvalBoards\TI\LM3S9B92-EVALBOT\IAR\uCOS-III-Path\Flash\Obj\os_tmr.o"
#        "F:\EIT 3\Foundations of Cyber Physical
#        Systems\Micrium\Software\EvalBoards\TI\LM3S9B92-EVALBOT\IAR\uCOS-III-Path\Flash\Obj\os_var.o"
#        "F:\EIT 3\Foundations of Cyber Physical
#        Systems\Micrium\Software\EvalBoards\TI\LM3S9B92-EVALBOT\IAR\uCOS-III-Path\Flash\Obj\probe_com.o"
#        "F:\EIT 3\Foundations of Cyber Physical
#        Systems\Micrium\Software\EvalBoards\TI\LM3S9B92-EVALBOT\IAR\uCOS-III-Path\Flash\Obj\probe_com_os.o"
#        "F:\EIT 3\Foundations of Cyber Physical
#        Systems\Micrium\Software\EvalBoards\TI\LM3S9B92-EVALBOT\IAR\uCOS-III-Path\Flash\Obj\probe_rs232.o"
#        "F:\EIT 3\Foundations of Cyber Physical
#        Systems\Micrium\Software\EvalBoards\TI\LM3S9B92-EVALBOT\IAR\uCOS-III-Path\Flash\Obj\probe_rs232_os.o"
#        "F:\EIT 3\Foundations of Cyber Physical
#        Systems\Micrium\Software\EvalBoards\TI\LM3S9B92-EVALBOT\IAR\uCOS-III-Path\Flash\Obj\probe_rs232c.o"
#        "F:\EIT 3\Foundations of Cyber Physical
#        Systems\Micrium\Software\EvalBoards\TI\LM3S9B92-EVALBOT\IAR\uCOS-III-Path\Flash\Obj\pwm.o"
#        "F:\EIT 3\Foundations of Cyber Physical
#        Systems\Micrium\Software\EvalBoards\TI\LM3S9B92-EVALBOT\IAR\uCOS-III-Path\Flash\Obj\qei.o"
#        "F:\EIT 3\Foundations of Cyber Physical
#        Systems\Micrium\Software\EvalBoards\TI\LM3S9B92-EVALBOT\IAR\uCOS-III-Path\Flash\Obj\ssi.o"
#        "F:\EIT 3\Foundations of Cyber Physical
#        Systems\Micrium\Software\EvalBoards\TI\LM3S9B92-EVALBOT\IAR\uCOS-III-Path\Flash\Obj\sysctl.o"
#        "F:\EIT 3\Foundations of Cyber Physical
#        Systems\Micrium\Software\EvalBoards\TI\LM3S9B92-EVALBOT\IAR\uCOS-III-Path\Flash\Obj\systick.o"
#        "F:\EIT 3\Foundations of Cyber Physical
#        Systems\Micrium\Software\EvalBoards\TI\LM3S9B92-EVALBOT\IAR\uCOS-III-Path\Flash\Obj\timer.o"
#        "F:\EIT 3\Foundations of Cyber Physical
#        Systems\Micrium\Software\EvalBoards\TI\LM3S9B92-EVALBOT\IAR\uCOS-III-Path\Flash\Obj\uart.o"
#        "F:\EIT 3\Foundations of Cyber Physical
#        Systems\Micrium\Software\EvalBoards\TI\LM3S9B92-EVALBOT\IAR\uCOS-III-Path\Flash\Obj\udma.o"
#        "F:\EIT 3\Foundations of Cyber Physical
#        Systems\Micrium\Software\EvalBoards\TI\LM3S9B92-EVALBOT\IAR\uCOS-III-Path\Flash\Obj\usb.o"
#        "F:\EIT 3\Foundations of Cyber Physical
#        Systems\Micrium\Software\EvalBoards\TI\LM3S9B92-EVALBOT\IAR\uCOS-III-Path\Flash\Obj\watchdog.o"
#        --redirect _Printf=_PrintfFull --redirect _Scanf=_ScanfFull -o "F:\EIT
#        3\Foundations of Cyber Physical
#        Systems\Micrium\Software\EvalBoards\TI\LM3S9B92-EVALBOT\IAR\uCOS-III-Path\Flash\Exe\uCOS-III-Ex3.out"
#        --map "F:\EIT 3\Foundations of Cyber Physical
#        Systems\Micrium\Software\EvalBoards\TI\LM3S9B92-EVALBOT\IAR\uCOS-III-Path\Flash\List\uCOS-III-Ex3.map"
#        --config "F:\EIT 3\Foundations of Cyber Physical
#        Systems\Micrium\Software\EvalBoards\TI\LM3S9B92-EVALBOT\IAR\uCOS-III-Path\..\BSP\LM3S9B92_Flash.icf"
#        --semihosting --entry __iar_program_start --vfe
#
###############################################################################

*******************************************************************************
*** RUNTIME MODEL ATTRIBUTES
***

CppFlavor       = *
__SystemLibrary = DLib


*******************************************************************************
*** PLACEMENT SUMMARY
***

"A1":  place at start of [0x00000000-0x0003ffff] { ro section .intvec };
"P1":  place in [from 0x00000000 to 0x0003ffff] { ro };
"P7":  place in [from 0x20000000 to 0x20017fff] { rw, block HEAP, block CSTACK };

  Section            Kind        Address    Size  Object
  -------            ----        -------    ----  ------
"A1":                                      0x11c
  .intvec            const    0x00000000   0x11c  app_vect.o [1]
                            - 0x0000011c   0x11c

"P1":                                     0x7d1c
  .text              ro code  0x0000011c   0xdaa  xprintffull.o [3]
  .text              ro code  0x00000ec6    0x2e  copy_init3.o [5]
  .text              ro code  0x00000ef4    0x16  strchr.o [5]
  .text              ro code  0x00000f0a    0x22  zero_init3.o [5]
  .text              ro code  0x00000f2c    0x36  strlen.o [5]
  .text              ro code  0x00000f62     0xa  xsprout.o [3]
  .text              ro code  0x00000f6c    0x58  memchr.o [5]
  .text              ro code  0x00000fc4    0xee  I64DivMod.o [5]
  .rodata            const    0x000010b2     0x2  os_cfg_app.o [1]
  .text              ro code  0x000010b4    0x76  ABImemcpy_unaligned.o [5]
  .text              ro code  0x0000112a    0x42  xdnorm.o [4]
  .text              ro code  0x0000116c    0x2e  DblCmpLe.o [4]
  .rodata            const    0x0000119a     0x2  os_cfg_app.o [1]
  .text              ro code  0x0000119c    0x2e  DblCmpGe.o [4]
  .rodata            const    0x000011ca     0x2  os_cfg_app.o [1]
  .text              ro code  0x000011cc   0x110  xdscale.o [4]
  .text              ro code  0x000012dc    0x58  DblToI32.o [4]
  .text              ro code  0x00001334    0x30  I32ToDbl.o [4]
  .text              ro code  0x00001364   0x180  DblSub.o [4]
  .text              ro code  0x000014e4   0x1a2  DblMul.o [4]
  .rodata            const    0x00001686     0x2  os_dbg.o [1]
  .text              ro code  0x00001688   0x246  DblDiv.o [4]
  .text              ro code  0x000018ce     0xe  div.o [3]
  .text              ro code  0x000018dc     0x2  I64DivZer.o [5]
  .rodata            const    0x000018de     0x2  os_dbg.o [1]
  .text              ro code  0x000018e0    0xd4  DblAdd.o [4]
  .text              ro code  0x000019b4   0xbc4  os_task.o [1]
  .text              ro code  0x00002578   0x244  os_cpu_c.o [1]
  .text              ro code  0x000027bc   0x250  os_msg.o [1]
  CODE               ro code  0x00002a0c    0x2a  cpu_a.o [1]
  .rodata            const    0x00002a36     0x2  os_dbg.o [1]
  .text              ro code  0x00002a38   0x1d4  cpu_core.o [1]
  .text              ro code  0x00002c0c    0xa0  os_prio.o [1]
  .text              ro code  0x00002cac   0xb56  os_core.o [1]
  .rodata            const    0x00003802     0x2  os_dbg.o [1]
  .text              ro code  0x00003804   0x4ec  os_tick.o [1]
  .text              ro code  0x00003cf0    0x2c  cpu_bsp.o [1]
  .text              ro code  0x00003d1c   0x410  os_time.o [1]
  .text              ro code  0x0000412c    0x8e  lib_mem.o [1]
  .rodata            const    0x000041ba     0x2  os_dbg.o [1]
  .text              ro code  0x000041bc   0x3e8  os_stat.o [1]
  .text              ro code  0x000045a4   0x61e  os_flag.o [1]
  .rodata            const    0x00004bc2     0x2  os_dbg.o [1]
  .text              ro code  0x00004bc4    0x1c  os_mem.o [1]
  .text              ro code  0x00004be0    0x1c  os_mutex.o [1]
  .text              ro code  0x00004bfc    0x1c  os_q.o [1]
  .text              ro code  0x00004c18    0x1c  os_sem.o [1]
  .text              ro code  0x00004c34   0x344  os_tmr.o [1]
  .text              ro code  0x00004f78   0x234  os_dbg.o [1]
  .text              ro code  0x000051ac   0x114  os_cfg_app.o [1]
  CODE               ro code  0x000052c0    0x84  os_cpu_a.o [1]
  .text              ro code  0x00005344    0xb0  bsp.o [1]
  .text              ro code  0x000053f4   0x468  sysctl.o [1]
  .text              ro code  0x0000585c   0x25e  bsp_int.o [1]
  .rodata            const    0x00005aba     0x2  os_dbg.o [1]
  .text              ro code  0x00005abc   0x33c  bsp_display.o [1]
  .text              ro code  0x00005df8   0x138  bsp_io.o [1]
  .text              ro code  0x00005f30   0x114  bsp_sensors.o [1]
  .text              ro code  0x00006044   0x200  bsp_motor.o [1]
  .text              ro code  0x00006244   0x1e8  bsp_sound.o [1]
  .text              ro code  0x0000642c   0x14c  cpu_c.o [1]
  .text              ro code  0x00006578    0xba  i2c.o [1]
  .rodata            const    0x00006632     0x2  os_dbg.o [1]
  .text              ro code  0x00006634   0x2cc  gpio.o [1]
  .text              ro code  0x00006900    0x98  pwm.o [1]
  .text              ro code  0x00006998    0x84  udma.o [1]
  .text              ro code  0x00006a1c   0x28c  bsp_dac.o [1]
  .text              ro code  0x00006ca8    0x32  i2s.o [1]
  .rodata            const    0x00006cda     0x2  os_dbg.o [1]
  .text              ro code  0x00006cdc   0xa30  app.o [1]
  .text              ro code  0x0000770c    0x34  sprintf.o [3]
  .text              ro code  0x00007740    0x14  memset.o [3]
  .text              ro code  0x00007754    0x66  ABImemset.o [5]
  .rodata            const    0x000077ba     0x2  os_dbg.o [1]
  .rodata            const    0x000077bc   0x1dc  bsp_display.o [1]
  .rodata            const    0x00007998    0x5c  sysctl.o [1]
  .rodata            const    0x000079f4    0x50  bsp_display.o [1]
  .rodata            const    0x00007a44    0x48  gpio.o [1]
  .rodata            const    0x00007a8c    0x34  os_dbg.o [1]
  .rodata            const    0x00007ac0    0x30  os_dbg.o [1]
  .rodata            const    0x00007af0    0x2c  os_dbg.o [1]
  .rodata            const    0x00007b1c    0x28  os_dbg.o [1]
  .rodata            const    0x00007b44    0x28  os_dbg.o [1]
  .text              ro code  0x00007b6c    0x28  data_init.o [5]
  .iar.init_table    const    0x00007b94    0x24  - Linker created -
  .rodata            const    0x00007bb8    0x20  os_dbg.o [1]
  .rodata            const    0x00007bd8    0x1c  app.o [1]
  .text              ro code  0x00007bf4    0x1a  cmain.o [5]
  .text              ro code  0x00007c0e     0x4  low_level_init.o [3]
  .text              ro code  0x00007c12     0x4  exit.o [3]
  .rodata            const    0x00007c16     0x2  os_dbg.o [1]
  .text              ro code  0x00007c18     0xa  cexit.o [5]
  .rodata            const    0x00007c22     0x2  os_dbg.o [1]
  .text              ro code  0x00007c24    0x14  exit.o [6]
  .rodata            const    0x00007c38    0x18  app.o [1]
  .rodata            const    0x00007c50    0x18  os_tmr.o [1]
  .rodata            const    0x00007c68    0x14  app.o [1]
  .rodata            const    0x00007c7c    0x14  app.o [1]
  .rodata            const    0x00007c90    0x14  os_core.o [1]
  .rodata            const    0x00007ca4    0x14  os_stat.o [1]
  .rodata            const    0x00007cb8    0x14  os_tick.o [1]
  .rodata            const    0x00007ccc    0x10  app.o [1]
  .rodata            const    0x00007cdc    0x10  app.o [1]
  .rodata            const    0x00007cec     0xc  app.o [1]
  .rodata            const    0x00007cf8     0xc  os_core.o [1]
  .rodata            const    0x00007d04     0xc  sysctl.o [1]
  .rodata            const    0x00007d10     0xc  sysctl.o [1]
  .text              ro code  0x00007d1c     0xc  app_vect.o [1]
  .text              ro code  0x00007d28     0xc  cstartup_M.o [5]
  .rodata            const    0x00007d34     0x8  app.o [1]
  .rodata            const    0x00007d3c     0x8  app.o [1]
  .rodata            const    0x00007d44     0x8  app.o [1]
  .rodata            const    0x00007d4c     0x8  app.o [1]
  .rodata            const    0x00007d54     0x8  bsp_display.o [1]
  .rodata            const    0x00007d5c     0x8  bsp_display.o [1]
  .rodata            const    0x00007d64     0x8  os_core.o [1]
  .rodata            const    0x00007d6c     0x8  os_task.o [1]
  .rodata            const    0x00007d74     0x4  os_cfg_app.o [1]
  .rodata            const    0x00007d78     0x4  os_cfg_app.o [1]
  .rodata            const    0x00007d7c     0x4  os_cfg_app.o [1]
  .rodata            const    0x00007d80     0x4  os_cfg_app.o [1]
  .rodata            const    0x00007d84     0x4  os_cfg_app.o [1]
  .rodata            const    0x00007d88     0x4  os_cfg_app.o [1]
  .rodata            const    0x00007d8c     0x4  os_cfg_app.o [1]
  .rodata            const    0x00007d90     0x4  os_cfg_app.o [1]
  .rodata            const    0x00007d94     0x4  os_cfg_app.o [1]
  .rodata            const    0x00007d98     0x4  os_cfg_app.o [1]
  .rodata            const    0x00007d9c     0x4  os_cfg_app.o [1]
  .rodata            const    0x00007da0     0x4  os_cfg_app.o [1]
  .rodata            const    0x00007da4     0x4  os_cfg_app.o [1]
  .rodata            const    0x00007da8     0x4  os_cfg_app.o [1]
  .rodata            const    0x00007dac     0x4  os_cfg_app.o [1]
  .rodata            const    0x00007db0     0x4  os_cfg_app.o [1]
  .rodata            const    0x00007db4     0x4  os_cfg_app.o [1]
  .rodata            const    0x00007db8     0x4  os_cfg_app.o [1]
  .rodata            const    0x00007dbc     0x4  os_cfg_app.o [1]
  .rodata            const    0x00007dc0     0x4  os_cfg_app.o [1]
  .rodata            const    0x00007dc4     0x4  os_cfg_app.o [1]
  .rodata            const    0x00007dc8     0x4  os_cfg_app.o [1]
  .rodata            const    0x00007dcc     0x4  os_cfg_app.o [1]
  .rodata            const    0x00007dd0     0x4  os_cfg_app.o [1]
  .rodata            const    0x00007dd4     0x4  os_cfg_app.o [1]
  .rodata            const    0x00007dd8     0x4  os_cfg_app.o [1]
  .rodata            const    0x00007ddc     0x4  os_cfg_app.o [1]
  .rodata            const    0x00007de0     0x4  os_cfg_app.o [1]
  .rodata            const    0x00007de4     0x4  os_dbg.o [1]
  .rodata            const    0x00007de8     0x4  os_dbg.o [1]
  .rodata            const    0x00007dec     0x4  os_dbg.o [1]
  .rodata            const    0x00007df0     0x2  os_dbg.o [1]
  .rodata            const    0x00007df2     0x2  os_dbg.o [1]
  .rodata            const    0x00007df4     0x2  os_dbg.o [1]
  .rodata            const    0x00007df6     0x2  os_dbg.o [1]
  .rodata            const    0x00007df8     0x2  os_dbg.o [1]
  .rodata            const    0x00007dfa     0x2  os_dbg.o [1]
  .rodata            const    0x00007dfc     0x2  os_dbg.o [1]
  .rodata            const    0x00007dfe     0x2  os_dbg.o [1]
  .rodata            const    0x00007e00     0x2  os_dbg.o [1]
  .rodata            const    0x00007e02     0x2  os_dbg.o [1]
  .rodata            const    0x00007e04     0x2  os_dbg.o [1]
  .rodata            const    0x00007e06     0x1  os_cfg_app.o [1]
  .rodata            const    0x00007e07     0x1  os_cfg_app.o [1]
  .rodata            const    0x00007e08     0x1  os_cfg_app.o [1]
  .rodata            const    0x00007e09     0x1  os_dbg.o [1]
  .rodata            const    0x00007e0a     0x1  os_dbg.o [1]
  .rodata            const    0x00007e0b     0x1  os_dbg.o [1]
  .rodata            const    0x00007e0c     0x1  os_dbg.o [1]
  .rodata            const    0x00007e0d     0x1  os_dbg.o [1]
  .rodata            const    0x00007e0e     0x1  os_dbg.o [1]
  .rodata            const    0x00007e0f     0x1  os_dbg.o [1]
  .rodata            const    0x00007e10     0x1  os_dbg.o [1]
  .rodata            const    0x00007e11     0x1  os_dbg.o [1]
  .rodata            const    0x00007e12     0x1  os_dbg.o [1]
  .rodata            const    0x00007e13     0x1  os_dbg.o [1]
  .rodata            const    0x00007e14     0x1  os_dbg.o [1]
  .rodata            const    0x00007e15     0x1  os_dbg.o [1]
  .rodata            const    0x00007e16     0x1  os_dbg.o [1]
  .rodata            const    0x00007e17     0x1  os_dbg.o [1]
  .rodata            const    0x00007e18     0x1  os_dbg.o [1]
  .rodata            const    0x00007e19     0x1  os_dbg.o [1]
  .rodata            const    0x00007e1a     0x1  os_dbg.o [1]
  .rodata            const    0x00007e1b     0x1  os_dbg.o [1]
  .rodata            const    0x00007e1c     0x1  os_dbg.o [1]
  .rodata            const    0x00007e1d     0x1  os_dbg.o [1]
  .rodata            const    0x00007e1e     0x1  os_dbg.o [1]
  .rodata            const    0x00007e1f     0x1  os_dbg.o [1]
  .rodata            const    0x00007e20     0x1  os_dbg.o [1]
  .rodata            const    0x00007e21     0x1  os_dbg.o [1]
  .rodata            const    0x00007e22     0x1  os_dbg.o [1]
  .rodata            const    0x00007e23     0x1  os_dbg.o [1]
  .rodata            const    0x00007e24     0x1  os_dbg.o [1]
  .rodata            const    0x00007e25     0x1  os_dbg.o [1]
  .rodata            const    0x00007e26     0x1  os_dbg.o [1]
  .rodata            const    0x00007e27     0x1  os_dbg.o [1]
  .rodata            const    0x00007e28     0x1  os_dbg.o [1]
  .rodata            const    0x00007e29     0x1  os_dbg.o [1]
  .rodata            const    0x00007e2a     0x1  os_dbg.o [1]
  .rodata            const    0x00007e2b     0x1  os_dbg.o [1]
  .rodata            const    0x00007e2c     0x1  os_dbg.o [1]
  .rodata            const    0x00007e2d     0x1  os_dbg.o [1]
  .rodata            const    0x00007e2e     0x1  os_dbg.o [1]
  .rodata            const    0x00007e2f     0x0  zero_init3.o [5]
  .rodata            const    0x00007e2f     0x0  copy_init3.o [5]
  Initializer bytes  const    0x00007e30     0x8  <for P7 s0>
                            - 0x00007e38  0x7d1c

"P7":                                     0x2ee8
  P7 s0                       0x20000000     0x8  <Init block>
    .data            inited   0x20000000     0x4  bsp_display.o [1]
    .data            inited   0x20000004     0x2  app.o [1]
    .data            inited   0x20000006     0x1  app.o [1]
  .bss               zero     0x20000008   0x640  os_cfg_app.o [1]
  .bss               zero     0x20000800   0x400  bsp_sound.o [1]
  .bss               zero     0x20000c00   0x200  app.o [1]
  .bss               zero     0x20000e00   0x200  app.o [1]
  .bss               zero     0x20001000   0x200  app.o [1]
  .bss               zero     0x20001200   0x200  app.o [1]
  .bss               zero     0x20001400   0x200  app.o [1]
  .bss               zero     0x20001600   0x200  os_cfg_app.o [1]
  .bss               zero     0x20001800   0x200  os_cfg_app.o [1]
  .bss               zero     0x20001a00   0x200  os_cfg_app.o [1]
  .bss               zero     0x20001c00   0x200  os_cfg_app.o [1]
  .bss               zero     0x20001e00   0x200  os_cfg_app.o [1]
  .bss               zero     0x20002000   0x118  bsp_int.o [1]
  .bss               zero     0x20002118    0xc4  app.o [1]
  .bss               zero     0x200021dc    0xc4  app.o [1]
  .bss               zero     0x200022a0    0xc4  app.o [1]
  .bss               zero     0x20002364    0xc4  app.o [1]
  .bss               zero     0x20002428    0xc4  app.o [1]
  .bss               zero     0x200024ec    0xc4  os_var.o [1]
  .bss               zero     0x200025b0    0xc4  os_var.o [1]
  .bss               zero     0x20002674    0xc4  os_var.o [1]
  .bss               zero     0x20002738    0xc4  os_var.o [1]
  .bss               zero     0x200027fc    0x90  app.o [1]
  .bss               zero     0x2000288c    0x68  os_cfg_app.o [1]
  .bss               zero     0x200028f4    0x68  os_cfg_app.o [1]
  .bss               zero     0x2000295c    0x60  os_var.o [1]
  .bss               zero     0x200029bc    0x28  app.o [1]
  .bss               zero     0x200029e4    0x18  bsp_sound.o [1]
  .bss               zero     0x200029fc    0x10  cpu_core.o [1]
  .bss               zero     0x20002a0c     0x8  os_var.o [1]
  .bss               zero     0x20002a14     0x4  app.o [1]
  .bss               zero     0x20002a18     0x4  bsp.o [1]
  .bss               zero     0x20002a1c     0x4  bsp_display.o [1]
  .bss               zero     0x20002a20     0x4  bsp_sound.o [1]
  .bss               zero     0x20002a24     0x4  bsp_sound.o [1]
  .bss               zero     0x20002a28     0x4  cpu_core.o [1]
  .bss               zero     0x20002a2c     0x4  cpu_core.o [1]
  .bss               zero     0x20002a30     0x4  cpu_core.o [1]
  .bss               zero     0x20002a34     0x4  cpu_core.o [1]
  .bss               zero     0x20002a38     0x4  cpu_core.o [1]
  .bss               zero     0x20002a3c     0x4  cpu_core.o [1]
  .bss               zero     0x20002a40     0x4  os_cpu_c.o [1]
  .bss               zero     0x20002a44     0x4  os_prio.o [1]
  .bss               zero     0x20002a48     0x4  os_var.o [1]
  .bss               zero     0x20002a4c     0x4  os_var.o [1]
  .bss               zero     0x20002a50     0x4  os_var.o [1]
  .bss               zero     0x20002a54     0x4  os_var.o [1]
  .bss               zero     0x20002a58     0x4  os_var.o [1]
  .bss               zero     0x20002a5c     0x4  os_var.o [1]
  .bss               zero     0x20002a60     0x4  os_var.o [1]
  .bss               zero     0x20002a64     0x4  os_var.o [1]
  .bss               zero     0x20002a68     0x4  os_var.o [1]
  .bss               zero     0x20002a6c     0x4  os_var.o [1]
  .bss               zero     0x20002a70     0x4  os_var.o [1]
  .bss               zero     0x20002a74     0x4  os_var.o [1]
  .bss               zero     0x20002a78     0x4  os_var.o [1]
  .bss               zero     0x20002a7c     0x4  os_var.o [1]
  .bss               zero     0x20002a80     0x4  os_var.o [1]
  .bss               zero     0x20002a84     0x4  os_var.o [1]
  .bss               zero     0x20002a88     0x4  os_var.o [1]
  .bss               zero     0x20002a8c     0x4  os_var.o [1]
  .bss               zero     0x20002a90     0x4  os_var.o [1]
  .bss               zero     0x20002a94     0x4  os_var.o [1]
  .bss               zero     0x20002a98     0x4  os_var.o [1]
  .bss               zero     0x20002a9c     0x4  os_var.o [1]
  .bss               zero     0x20002aa0     0x4  os_var.o [1]
  .bss               zero     0x20002aa4     0x4  os_var.o [1]
  .bss               zero     0x20002aa8     0x4  os_var.o [1]
  .bss               zero     0x20002aac     0x4  os_var.o [1]
  .bss               zero     0x20002ab0     0x4  os_var.o [1]
  .bss               zero     0x20002ab4     0x4  os_var.o [1]
  .bss               zero     0x20002ab8     0x4  os_var.o [1]
  .bss               zero     0x20002abc     0x4  os_var.o [1]
  .bss               zero     0x20002ac0     0x4  os_var.o [1]
  .bss               zero     0x20002ac4     0x4  os_var.o [1]
  .bss               zero     0x20002ac8     0x4  os_var.o [1]
  .bss               zero     0x20002acc     0x2  cpu_core.o [1]
  .bss               zero     0x20002ace     0x2  cpu_core.o [1]
  .bss               zero     0x20002ad0     0x2  os_var.o [1]
  .bss               zero     0x20002ad2     0x2  os_var.o [1]
  .bss               zero     0x20002ad4     0x2  os_var.o [1]
  .bss               zero     0x20002ad6     0x2  os_var.o [1]
  .bss               zero     0x20002ad8     0x2  os_var.o [1]
  .bss               zero     0x20002ada     0x2  os_var.o [1]
  .bss               zero     0x20002adc     0x1  app.o [1]
  .bss               zero     0x20002add     0x1  os_var.o [1]
  .bss               zero     0x20002ade     0x1  os_var.o [1]
  .bss               zero     0x20002adf     0x1  os_var.o [1]
  .bss               zero     0x20002ae0     0x1  os_var.o [1]
  .bss               zero     0x20002ae1     0x1  os_var.o [1]
  .bss               zero     0x20002ae2     0x1  os_var.o [1]
  .bss               zero     0x20002ae3     0x1  os_var.o [1]
  .bss               zero     0x20002ae4     0x1  os_var.o [1]
  .bss               zero     0x20002ae5     0x1  os_var.o [1]
  CSTACK                      0x20002ae8   0x400  <Block>
    CSTACK           uninit   0x20002ae8   0x400  <Block tail>
                            - 0x20002ee8  0x2ee8


*******************************************************************************
*** INIT TABLE
***

          Address     Size
          -------     ----
Zero (__iar_zero_init3)
    1 destination range, total size 0x2ade:
          0x20000008  0x2ade

Copy (__iar_copy_init3)
    1 source range, total size 0x8 (114% of destination):
          0x00007e30     0x8
    1 destination range, total size 0x7:
          0x20000000     0x7



*******************************************************************************
*** MODULE SUMMARY
***

    Module                 ro code  ro data  rw data
    ------                 -------  -------  -------
F:\EIT 3\Foundations of Cyber Physical Systems\Micrium\Software\EvalBoards\TI\LM3S9B92-EVALBOT\IAR\uCOS-III-Path\Flash\Obj: [1]
    app.o                    2 608      171    3 732
    app_vect.o                  12      284
    bsp.o                      176                 4
    bsp_dac.o                  652
    bsp_display.o              828      576        8
    bsp_int.o                  606               280
    bsp_io.o                   312
    bsp_motor.o                512
    bsp_sensors.o              276
    bsp_sound.o                488             1 056
    cpu_a.o                     42
    cpu_bsp.o                   44
    cpu_c.o                    332
    cpu_core.o                 468                44
    gpio.o                     716       72
    i2c.o                      186
    i2s.o                       50
    lib_mem.o                  142
    os_cfg_app.o               276      121    4 368
    os_core.o                2 902       40
    os_cpu_a.o                 132
    os_cpu_c.o                 580                 4
    os_dbg.o                   564      352
    os_flag.o                1 566
    os_mem.o                    28
    os_msg.o                   592
    os_mutex.o                  28
    os_prio.o                  160                 4
    os_q.o                      28
    os_sem.o                    28
    os_stat.o                1 000       20
    os_task.o                3 012        8
    os_tick.o                1 260       20
    os_time.o                1 040
    os_tmr.o                   836       24
    os_var.o                                   1 041
    pwm.o                      152
    sysctl.o                 1 128      116
    udma.o                     132
    ------------------------------------------------
    Total:                  23 894    1 804   10 541

command line: [2]
    ------------------------------------------------
    Total:

dl7M_tln.a: [3]
    div.o                       14
    exit.o                       4
    low_level_init.o             4
    memset.o                    20
    sprintf.o                   52
    xprintffull.o            3 498
    xsprout.o                   10
    ------------------------------------------------
    Total:                   3 602

m7M_tl.a: [4]
    DblAdd.o                   212
    DblCmpGe.o                  46
    DblCmpLe.o                  46
    DblDiv.o                   582
    DblMul.o                   418
    DblSub.o                   384
    DblToI32.o                  88
    I32ToDbl.o                  48
    xdnorm.o                    66
    xdscale.o                  272
    ------------------------------------------------
    Total:                   2 162

rt7M_tl.a: [5]
    ABImemcpy_unaligned.o      118
    ABImemset.o                102
    I64DivMod.o                238
    I64DivZer.o                  2
    cexit.o                     10
    cmain.o                     26
    copy_init3.o                46
    cstartup_M.o                12
    data_init.o                 40
    memchr.o                    88
    strchr.o                    22
    strlen.o                    54
    zero_init3.o                34
    ------------------------------------------------
    Total:                     792

shb_l.a: [6]
    exit.o                      20
    ------------------------------------------------
    Total:                      20

    Gaps                                         440
    Linker created                       38    1 024
----------------------------------------------------
    Grand Total:            30 470    1 842   12 005


*******************************************************************************
*** ENTRY LIST
***

Entry                      Address   Size  Type      Object
-----                      -------   ----  ----      ------
.iar.init_table$$Base   0x00007b94          --   Gb  - Linker created -
.iar.init_table$$Limit  0x00007bb8          --   Gb  - Linker created -
?main                   0x00007bf5         Code  Gb  cmain.o [5]
AppAngleChangeGroup     0x200029bc   0x28  Data  Lc  app.o [1]
AppRobotDirection       0x20002adc    0x1  Data  Lc  app.o [1]
AppTaskAngleChange      0x00007009  0x30e  Code  Lc  app.o [1]
AppTaskAngleChangeTCB   0x20002364   0xc4  Data  Lc  app.o [1]
AppTaskControl          0x00006dd7   0xc8  Code  Lc  app.o [1]
AppTaskControlStk       0x20001200  0x200  Data  Lc  app.o [1]
AppTaskControlTCB       0x200022a0   0xc4  Data  Lc  app.o [1]
AppTaskInputMonitor     0x00007317  0x1a8  Code  Lc  app.o [1]
AppTaskInputMonitorStk  0x20001400  0x200  Data  Lc  app.o [1]
AppTaskInputMonitorTCB  0x20002428   0xc4  Data  Lc  app.o [1]
AppTaskLeftMotorDriveStk
                        0x20000e00  0x200  Data  Lc  app.o [1]
AppTaskMotorDrive       0x00006e9f  0x104  Code  Lc  app.o [1]
AppTaskMotorDriveTCB    0x200021dc   0xc4  Data  Lc  app.o [1]
AppTaskRightMotorDriveStk
                        0x20001000  0x200  Data  Lc  app.o [1]
AppTaskStart            0x00006d31   0xa6  Code  Lc  app.o [1]
AppTaskStartStk         0x20000c00  0x200  Data  Lc  app.o [1]
AppTaskStartTCB         0x20002118   0xc4  Data  Lc  app.o [1]
AppTasksInit            0x00007501  0x182  Code  Lc  app.o [1]
App_BusFault_ISR        0x00007d21    0x2  Code  Lc  app_vect.o [1]
App_Fault_ISR           0x00007d1f    0x2  Code  Lc  app_vect.o [1]
App_MemFault_ISR        0x00007d25    0x2  Code  Lc  app_vect.o [1]
App_NMI_ISR             0x00007d1d    0x2  Code  Lc  app_vect.o [1]
App_Spurious_ISR        0x00007d27    0x2  Code  Lc  app_vect.o [1]
App_UsageFault_ISR      0x00007d23    0x2  Code  Lc  app_vect.o [1]
BSP_BumpSensorGetStatus
                        0x00005f49   0x40  Code  Gb  bsp_sensors.o [1]
BSP_BumpSensorsInit     0x00005f31   0x18  Code  Gb  bsp_sensors.o [1]
BSP_CPUClkFreq          0x000053ad   0x16  Code  Gb  bsp.o [1]
BSP_CPU_ClkFreq_MHz     0x20002a18    0x4  Data  Gb  bsp.o [1]
BSP_DACInit             0x00006b5f  0x130  Code  Gb  bsp_dac.o [1]
BSP_DACReadRegister     0x00006ab7   0xa8  Code  Lc  bsp_dac.o [1]
BSP_DACWriteRegister    0x00006a1d   0x9a  Code  Lc  bsp_dac.o [1]
BSP_DisplayClear        0x00005b97   0x50  Code  Gb  bsp_display.o [1]
BSP_DisplayInit         0x00005ce9   0xda  Code  Gb  bsp_display.o [1]
BSP_DisplayOn           0x00005cab   0x3e  Code  Gb  bsp_display.o [1]
BSP_DisplayStringDraw   0x00005be7   0xc4  Code  Gb  bsp_display.o [1]
BSP_DisplayWriteArray   0x00005b19   0x3e  Code  Lc  bsp_display.o [1]
BSP_DisplayWriteByte    0x00005ae5   0x34  Code  Lc  bsp_display.o [1]
BSP_DisplayWriteFinal   0x00005b57   0x40  Code  Lc  bsp_display.o [1]
BSP_DisplayWriteFirst   0x00005abd   0x28  Code  Lc  bsp_display.o [1]
BSP_Init                0x00005345   0x68  Code  Gb  bsp.o [1]
BSP_IntDisAll           0x0000585d    0x8  Code  Gb  bsp_int.o [1]
BSP_IntEn               0x00005865   0x14  Code  Gb  bsp_int.o [1]
BSP_IntHandler          0x00005a91   0x22  Code  Lc  bsp_int.o [1]
BSP_IntHandlerADC0      0x00005915    0xa  Code  Gb  bsp_int.o [1]
BSP_IntHandlerADC1      0x0000591f    0xa  Code  Gb  bsp_int.o [1]
BSP_IntHandlerADC1_0    0x00005a4b    0xa  Code  Gb  bsp_int.o [1]
BSP_IntHandlerADC1_1    0x00005a55    0xa  Code  Gb  bsp_int.o [1]
BSP_IntHandlerADC1_2    0x00005a5f    0xa  Code  Gb  bsp_int.o [1]
BSP_IntHandlerADC1_3    0x00005a69    0xa  Code  Gb  bsp_int.o [1]
BSP_IntHandlerADC2      0x00005929    0xa  Code  Gb  bsp_int.o [1]
BSP_IntHandlerADC3      0x00005933    0xa  Code  Gb  bsp_int.o [1]
BSP_IntHandlerCAN0      0x00005a05    0xa  Code  Gb  bsp_int.o [1]
BSP_IntHandlerCAN1      0x00005a0f    0xa  Code  Gb  bsp_int.o [1]
BSP_IntHandlerCOMP0     0x00005983    0xa  Code  Gb  bsp_int.o [1]
BSP_IntHandlerCOMP1     0x0000598d    0xa  Code  Gb  bsp_int.o [1]
BSP_IntHandlerCOMP2     0x00005997    0xa  Code  Gb  bsp_int.o [1]
BSP_IntHandlerDummy     0x00005ab9    0x2  Code  Lc  bsp_int.o [1]
BSP_IntHandlerEPI       0x00005a7d    0xa  Code  Gb  bsp_int.o [1]
BSP_IntHandlerETH       0x00005a19    0xa  Code  Gb  bsp_int.o [1]
BSP_IntHandlerFLASH     0x000059ab    0xa  Code  Gb  bsp_int.o [1]
BSP_IntHandlerGPIOA     0x000058bb    0xa  Code  Gb  bsp_int.o [1]
BSP_IntHandlerGPIOB     0x000058c5    0xa  Code  Gb  bsp_int.o [1]
BSP_IntHandlerGPIOC     0x000058cf    0xa  Code  Gb  bsp_int.o [1]
BSP_IntHandlerGPIOD     0x000058d9    0xa  Code  Gb  bsp_int.o [1]
BSP_IntHandlerGPIOE     0x000058e3    0xa  Code  Gb  bsp_int.o [1]
BSP_IntHandlerGPIOF     0x000059b5    0xa  Code  Gb  bsp_int.o [1]
BSP_IntHandlerGPIOG     0x000059bf    0xa  Code  Gb  bsp_int.o [1]
BSP_IntHandlerGPIOH     0x000059c9    0xa  Code  Gb  bsp_int.o [1]
BSP_IntHandlerGPIOJ     0x00005a87    0xa  Code  Gb  bsp_int.o [1]
BSP_IntHandlerHIBERNATE
                        0x00005a23    0xa  Code  Gb  bsp_int.o [1]
BSP_IntHandlerI2C0      0x0000590b    0xa  Code  Gb  bsp_int.o [1]
BSP_IntHandlerI2C1      0x000059fb    0xa  Code  Gb  bsp_int.o [1]
BSP_IntHandlerI2S0      0x00005a73    0xa  Code  Gb  bsp_int.o [1]
BSP_IntHandlerSSI0      0x00005901    0xa  Code  Gb  bsp_int.o [1]
BSP_IntHandlerSSI1      0x000059dd    0xa  Code  Gb  bsp_int.o [1]
BSP_IntHandlerSYSCTL    0x000059a1    0xa  Code  Gb  bsp_int.o [1]
BSP_IntHandlerTIMER0A   0x00005947    0xa  Code  Gb  bsp_int.o [1]
BSP_IntHandlerTIMER0B   0x00005951    0xa  Code  Gb  bsp_int.o [1]
BSP_IntHandlerTIMER1A   0x0000595b    0xa  Code  Gb  bsp_int.o [1]
BSP_IntHandlerTIMER1B   0x00005965    0xa  Code  Gb  bsp_int.o [1]
BSP_IntHandlerTIMER2A   0x0000596f    0xa  Code  Gb  bsp_int.o [1]
BSP_IntHandlerTIMER2B   0x00005979    0xa  Code  Gb  bsp_int.o [1]
BSP_IntHandlerTIMER3A   0x000059e7    0xa  Code  Gb  bsp_int.o [1]
BSP_IntHandlerTIMER3B   0x000059f1    0xa  Code  Gb  bsp_int.o [1]
BSP_IntHandlerUART0     0x000058ed    0xa  Code  Gb  bsp_int.o [1]
BSP_IntHandlerUART1     0x000058f7    0xa  Code  Gb  bsp_int.o [1]
BSP_IntHandlerUART2     0x000059d3    0xa  Code  Gb  bsp_int.o [1]
BSP_IntHandlerUDMA_ERR  0x00005a41    0xa  Code  Gb  bsp_int.o [1]
BSP_IntHandlerUDMA_SW   0x00005a37    0xa  Code  Gb  bsp_int.o [1]
BSP_IntHandlerUSB       0x00005a2d    0xa  Code  Gb  bsp_int.o [1]
BSP_IntHandlerWATCHDOG  0x0000593d    0xa  Code  Gb  bsp_int.o [1]
BSP_IntInit             0x000058a1   0x1a  Code  Gb  bsp_int.o [1]
BSP_IntVectSet          0x00005879   0x28  Code  Gb  bsp_int.o [1]
BSP_IntVectTbl          0x20002000  0x118  Data  Lc  bsp_int.o [1]
BSP_LED_Off             0x00005e9b   0x38  Code  Gb  bsp_io.o [1]
BSP_LED_On              0x00005e63   0x38  Code  Gb  bsp_io.o [1]
BSP_LED_Toggle          0x00005ed3   0x56  Code  Gb  bsp_io.o [1]
BSP_LEDsInit            0x00005e51   0x12  Code  Gb  bsp_io.o [1]
BSP_MotorDir            0x00006121   0x48  Code  Gb  bsp_motor.o [1]
BSP_MotorRun            0x00006169   0x1e  Code  Gb  bsp_motor.o [1]
BSP_MotorSpeed          0x000061b9   0x78  Code  Gb  bsp_motor.o [1]
BSP_MotorStop           0x00006187   0x32  Code  Gb  bsp_motor.o [1]
BSP_MotorsInit          0x00006045   0xdc  Code  Gb  bsp_motor.o [1]
BSP_PushButtonGetStatus
                        0x00005e11   0x40  Code  Gb  bsp_io.o [1]
BSP_PushButtonsInit     0x00005df9   0x18  Code  Gb  bsp_io.o [1]
BSP_SoundInit           0x00006245   0xc2  Code  Gb  bsp_sound.o [1]
BSP_SoundIntHandler     0x00006309   0xe4  Code  Gb  bsp_sound.o [1]
BSP_WheelSensorEnable   0x0000602b    0xe  Code  Gb  bsp_sensors.o [1]
BSP_WheelSensorsInit    0x00005f89   0xa2  Code  Gb  bsp_sensors.o [1]
CPU_CntLeadZeros        0x00002a23         Code  Gb  cpu_a.o [1]
CPU_Init                0x00002a39   0x10  Code  Gb  cpu_core.o [1]
CPU_IntDis              0x00002a0d         Code  Gb  cpu_a.o [1]
CPU_IntDisMeasCtr       0x20002acc    0x2  Data  Gb  cpu_core.o [1]
CPU_IntDisMeasInit      0x00002b55   0x78  Code  Lc  cpu_core.o [1]
CPU_IntDisMeasMaxCalc   0x00002bcd   0x1a  Code  Lc  cpu_core.o [1]
CPU_IntDisMeasMaxCurGet
                        0x00002a91   0x22  Code  Gb  cpu_core.o [1]
CPU_IntDisMeasMaxCurReset
                        0x00002a71   0x20  Code  Gb  cpu_core.o [1]
CPU_IntDisMeasMaxCur_cnts
                        0x20002a38    0x4  Data  Gb  cpu_core.o [1]
CPU_IntDisMeasMaxGet    0x00002ab3   0x22  Code  Gb  cpu_core.o [1]
CPU_IntDisMeasMax_cnts  0x20002a3c    0x4  Data  Gb  cpu_core.o [1]
CPU_IntDisMeasOvrhd_cnts
                        0x20002a34    0x4  Data  Gb  cpu_core.o [1]
CPU_IntDisMeasStart     0x00002ad5   0x28  Code  Gb  cpu_core.o [1]
CPU_IntDisMeasStart_cnts
                        0x20002a2c    0x4  Data  Gb  cpu_core.o [1]
CPU_IntDisMeasStop      0x00002afd   0x42  Code  Gb  cpu_core.o [1]
CPU_IntDisMeasStop_cnts
                        0x20002a30    0x4  Data  Gb  cpu_core.o [1]
CPU_IntDisNestCtr       0x20002ace    0x2  Data  Gb  cpu_core.o [1]
CPU_IntEn               0x00002a11         Code  Gb  cpu_a.o [1]
CPU_IntSrcEn            0x0000642d  0x13c  Code  Gb  cpu_c.o [1]
CPU_Name                0x200029fc   0x10  Data  Gb  cpu_core.o [1]
CPU_NameClr             0x00002a49   0x22  Code  Gb  cpu_core.o [1]
CPU_NameInit            0x00002b3f    0x8  Code  Lc  cpu_core.o [1]
CPU_RevBits             0x00002a29         Code  Gb  cpu_a.o [1]
CPU_SR_Restore          0x00002a1d         Code  Gb  cpu_a.o [1]
CPU_SR_Save             0x00002a15         Code  Gb  cpu_a.o [1]
CPU_TS_Init             0x00002b47    0xe  Code  Lc  cpu_core.o [1]
CPU_TS_TmrFreqSet       0x00002a6b    0x6  Code  Gb  cpu_core.o [1]
CPU_TS_TmrFreq_Hz       0x20002a28    0x4  Data  Gb  cpu_core.o [1]
CPU_TS_TmrInit          0x00003cf1   0x1c  Code  Gb  cpu_bsp.o [1]
CPU_TS_TmrRd            0x00003d0d    0x8  Code  Gb  cpu_bsp.o [1]
CPU_WaitForExcept       0x00002a33         Code  Gb  cpu_a.o [1]
CPU_WaitForInt          0x00002a2f         Code  Gb  cpu_a.o [1]
CSTACK$$Base            0x20002ae8          --   Gb  - Linker created -
CSTACK$$Limit           0x20002ee8          --   Gb  - Linker created -
ComputeDistance         0x000074bf   0x42  Code  Lc  app.o [1]
GPIODirModeSet          0x00006635   0x46  Code  Gb  gpio.o [1]
GPIOIntTypeSet          0x0000667b   0x5a  Code  Gb  gpio.o [1]
GPIOPadConfigSet        0x000066d5  0x10e  Code  Gb  gpio.o [1]
GPIOPinConfigure        0x000068b1   0x48  Code  Gb  gpio.o [1]
GPIOPinIntDisable       0x000067e3   0x12  Code  Gb  gpio.o [1]
GPIOPinRead             0x000067f5    0x8  Code  Gb  gpio.o [1]
GPIOPinTypeGPIOInput    0x00006807   0x22  Code  Gb  gpio.o [1]
GPIOPinTypeGPIOOutput   0x00006829   0x22  Code  Gb  gpio.o [1]
GPIOPinTypeI2C          0x0000684b   0x22  Code  Gb  gpio.o [1]
GPIOPinTypeI2S          0x0000688f   0x22  Code  Gb  gpio.o [1]
GPIOPinTypePWM          0x0000686d   0x22  Code  Gb  gpio.o [1]
GPIOPinWrite            0x000067fd    0xa  Code  Gb  gpio.o [1]
I2CMasterControl        0x00006607    0x4  Code  Gb  i2c.o [1]
I2CMasterDataGet        0x0000662f    0x4  Code  Gb  i2c.o [1]
I2CMasterDataPut        0x00006629    0x6  Code  Gb  i2c.o [1]
I2CMasterEnable         0x000065b7    0xa  Code  Gb  i2c.o [1]
I2CMasterErr            0x0000660b   0x1e  Code  Gb  i2c.o [1]
I2CMasterInitExpClk     0x00006579   0x3e  Code  Gb  i2c.o [1]
I2CMasterIntClear       0x000065f1    0xa  Code  Gb  i2c.o [1]
I2CMasterIntStatus      0x000065c1   0x26  Code  Gb  i2c.o [1]
I2CMasterSlaveAddrSet   0x000065fb    0xc  Code  Gb  i2c.o [1]
I2SIntClear             0x00006cd5    0x6  Code  Gb  i2s.o [1]
I2SIntStatus            0x00006cc3   0x12  Code  Gb  i2s.o [1]
I2STxEnable             0x00006ca9   0x16  Code  Gb  i2s.o [1]
I2STxFIFOLimitSet       0x00006cbf    0x4  Code  Gb  i2s.o [1]
LoadInt                 0x000006a3   0x6e  Code  Lc  xprintffull.o [3]
Mem_Clr                 0x0000412d   0x12  Code  Gb  lib_mem.o [1]
Mem_Set                 0x0000413f   0x7c  Code  Gb  lib_mem.o [1]
OSCfg_DataSizeRAM       0x00007de0    0x4  Data  Gb  os_cfg_app.o [1]
OSCfg_ISRStk            0x20001800  0x200  Data  Gb  os_cfg_app.o [1]
OSCfg_ISRStkBasePtr     0x00007d84    0x4  Data  Gb  os_cfg_app.o [1]
OSCfg_ISRStkSize        0x00007d88    0x4  Data  Gb  os_cfg_app.o [1]
OSCfg_ISRStkSizeRAM     0x00007d8c    0x4  Data  Gb  os_cfg_app.o [1]
OSCfg_IdleTaskStk       0x20001600  0x200  Data  Gb  os_cfg_app.o [1]
OSCfg_IdleTaskStkBasePtr
                        0x00007d74    0x4  Data  Gb  os_cfg_app.o [1]
OSCfg_IdleTaskStkLimit  0x00007d78    0x4  Data  Gb  os_cfg_app.o [1]
OSCfg_IdleTaskStkSize   0x00007d7c    0x4  Data  Gb  os_cfg_app.o [1]
OSCfg_IdleTaskStkSizeRAM
                        0x00007d80    0x4  Data  Gb  os_cfg_app.o [1]
OSCfg_Init              0x000051ad  0x114  Code  Gb  os_cfg_app.o [1]
OSCfg_MsgPool           0x20000008  0x640  Data  Gb  os_cfg_app.o [1]
OSCfg_MsgPoolBasePtr    0x00007d94    0x4  Data  Gb  os_cfg_app.o [1]
OSCfg_MsgPoolSize       0x000010b2    0x2  Data  Gb  os_cfg_app.o [1]
OSCfg_MsgPoolSizeRAM    0x00007d90    0x4  Data  Gb  os_cfg_app.o [1]
OSCfg_StatTaskPrio      0x00007e06    0x1  Data  Gb  os_cfg_app.o [1]
OSCfg_StatTaskRate_Hz   0x00007d98    0x4  Data  Gb  os_cfg_app.o [1]
OSCfg_StatTaskStk       0x20001a00  0x200  Data  Gb  os_cfg_app.o [1]
OSCfg_StatTaskStkBasePtr
                        0x00007d9c    0x4  Data  Gb  os_cfg_app.o [1]
OSCfg_StatTaskStkLimit  0x00007da0    0x4  Data  Gb  os_cfg_app.o [1]
OSCfg_StatTaskStkSize   0x00007da4    0x4  Data  Gb  os_cfg_app.o [1]
OSCfg_StatTaskStkSizeRAM
                        0x00007da8    0x4  Data  Gb  os_cfg_app.o [1]
OSCfg_StkSizeMin        0x00007dac    0x4  Data  Gb  os_cfg_app.o [1]
OSCfg_TickRate_Hz       0x00007db0    0x4  Data  Gb  os_cfg_app.o [1]
OSCfg_TickTaskPrio      0x00007e07    0x1  Data  Gb  os_cfg_app.o [1]
OSCfg_TickTaskStk       0x20001c00  0x200  Data  Gb  os_cfg_app.o [1]
OSCfg_TickTaskStkBasePtr
                        0x00007db4    0x4  Data  Gb  os_cfg_app.o [1]
OSCfg_TickTaskStkLimit  0x00007db8    0x4  Data  Gb  os_cfg_app.o [1]
OSCfg_TickTaskStkSize   0x00007dbc    0x4  Data  Gb  os_cfg_app.o [1]
OSCfg_TickTaskStkSizeRAM
                        0x00007dc0    0x4  Data  Gb  os_cfg_app.o [1]
OSCfg_TickWheel         0x2000288c   0x68  Data  Gb  os_cfg_app.o [1]
OSCfg_TickWheelSize     0x0000119a    0x2  Data  Gb  os_cfg_app.o [1]
OSCfg_TickWheelSizeRAM  0x00007dc4    0x4  Data  Gb  os_cfg_app.o [1]
OSCfg_TmrTaskPrio       0x00007e08    0x1  Data  Gb  os_cfg_app.o [1]
OSCfg_TmrTaskRate_Hz    0x00007dc8    0x4  Data  Gb  os_cfg_app.o [1]
OSCfg_TmrTaskStk        0x20001e00  0x200  Data  Gb  os_cfg_app.o [1]
OSCfg_TmrTaskStkBasePtr
                        0x00007dcc    0x4  Data  Gb  os_cfg_app.o [1]
OSCfg_TmrTaskStkLimit   0x00007dd0    0x4  Data  Gb  os_cfg_app.o [1]
OSCfg_TmrTaskStkSize    0x00007dd4    0x4  Data  Gb  os_cfg_app.o [1]
OSCfg_TmrTaskStkSizeRAM
                        0x00007dd8    0x4  Data  Gb  os_cfg_app.o [1]
OSCfg_TmrWheel          0x200028f4   0x68  Data  Gb  os_cfg_app.o [1]
OSCfg_TmrWheelSize      0x000011ca    0x2  Data  Gb  os_cfg_app.o [1]
OSCfg_TmrWheelSizeRAM   0x00007ddc    0x4  Data  Gb  os_cfg_app.o [1]
OSDbg_AppHooksEn        0x00007e0a    0x1  Data  Gb  os_dbg.o [1]
OSDbg_ArgChkEn          0x00007e09    0x1  Data  Gb  os_dbg.o [1]
OSDbg_CalledFromISRChkEn
                        0x00007e0b    0x1  Data  Gb  os_dbg.o [1]
OSDbg_DataSize          0x00007dec    0x4  Data  Gb  os_dbg.o [1]
OSDbg_DbgEn             0x00001686    0x2  Data  Gb  os_dbg.o [1]
OSDbg_EndiannessTest    0x00007de4    0x4  Data  Gb  os_dbg.o [1]
OSDbg_FlagDelEn         0x00007e0d    0x1  Data  Gb  os_dbg.o [1]
OSDbg_FlagEn            0x00007e0c    0x1  Data  Gb  os_dbg.o [1]
OSDbg_FlagGrp           0x00007b1c   0x28  Data  Gb  os_dbg.o [1]
OSDbg_FlagGrpSize       0x000018de    0x2  Data  Gb  os_dbg.o [1]
OSDbg_FlagModeClrEn     0x00007e0e    0x1  Data  Gb  os_dbg.o [1]
OSDbg_FlagPendAbortEn   0x00007e0f    0x1  Data  Gb  os_dbg.o [1]
OSDbg_FlagWidth         0x00002a36    0x2  Data  Gb  os_dbg.o [1]
OSDbg_ISRPostDeferredEn
                        0x00007e10    0x1  Data  Gb  os_dbg.o [1]
OSDbg_Mem               0x00007bb8   0x20  Data  Gb  os_dbg.o [1]
OSDbg_MemEn             0x00007e11    0x1  Data  Gb  os_dbg.o [1]
OSDbg_MemSize           0x00003802    0x2  Data  Gb  os_dbg.o [1]
OSDbg_MsgEn             0x00007e12    0x1  Data  Gb  os_dbg.o [1]
OSDbg_MsgPoolSize       0x00004bc2    0x2  Data  Gb  os_dbg.o [1]
OSDbg_MsgQSize          0x00005aba    0x2  Data  Gb  os_dbg.o [1]
OSDbg_MsgSize           0x000041ba    0x2  Data  Gb  os_dbg.o [1]
OSDbg_Mutex             0x00007af0   0x2c  Data  Gb  os_dbg.o [1]
OSDbg_MutexDelEn        0x00007e14    0x1  Data  Gb  os_dbg.o [1]
OSDbg_MutexEn           0x00007e13    0x1  Data  Gb  os_dbg.o [1]
OSDbg_MutexPendAbortEn  0x00007e15    0x1  Data  Gb  os_dbg.o [1]
OSDbg_MutexSize         0x00006632    0x2  Data  Gb  os_dbg.o [1]
OSDbg_ObjTypeChkEn      0x00007e16    0x1  Data  Gb  os_dbg.o [1]
OSDbg_PendDataSize      0x00006cda    0x2  Data  Gb  os_dbg.o [1]
OSDbg_PendListSize      0x000077ba    0x2  Data  Gb  os_dbg.o [1]
OSDbg_PendMultiEn       0x00007e17    0x1  Data  Gb  os_dbg.o [1]
OSDbg_PendObjSize       0x00007c16    0x2  Data  Gb  os_dbg.o [1]
OSDbg_PrioMax           0x00007c22    0x2  Data  Gb  os_dbg.o [1]
OSDbg_PrioTblSize       0x00007df0    0x2  Data  Gb  os_dbg.o [1]
OSDbg_PtrSize           0x00007df2    0x2  Data  Gb  os_dbg.o [1]
OSDbg_Q                 0x00007ac0   0x30  Data  Gb  os_dbg.o [1]
OSDbg_QDelEn            0x00007e19    0x1  Data  Gb  os_dbg.o [1]
OSDbg_QEn               0x00007e18    0x1  Data  Gb  os_dbg.o [1]
OSDbg_QFlushEn          0x00007e1a    0x1  Data  Gb  os_dbg.o [1]
OSDbg_QPendAbortEn      0x00007e1b    0x1  Data  Gb  os_dbg.o [1]
OSDbg_QSize             0x00007df4    0x2  Data  Gb  os_dbg.o [1]
OSDbg_RdyList           0x00007df8    0x2  Data  Gb  os_dbg.o [1]
OSDbg_RdyListSize       0x00007de8    0x4  Data  Gb  os_dbg.o [1]
OSDbg_SchedRoundRobinEn
                        0x00007e1c    0x1  Data  Gb  os_dbg.o [1]
OSDbg_Sem               0x00007b44   0x28  Data  Gb  os_dbg.o [1]
OSDbg_SemDelEn          0x00007e1e    0x1  Data  Gb  os_dbg.o [1]
OSDbg_SemEn             0x00007e1d    0x1  Data  Gb  os_dbg.o [1]
OSDbg_SemPendAbortEn    0x00007e1f    0x1  Data  Gb  os_dbg.o [1]
OSDbg_SemSetEn          0x00007e20    0x1  Data  Gb  os_dbg.o [1]
OSDbg_SemSize           0x00007df6    0x2  Data  Gb  os_dbg.o [1]
OSDbg_StatTaskEn        0x00007e22    0x1  Data  Gb  os_dbg.o [1]
OSDbg_StatTaskStkChkEn  0x00007e23    0x1  Data  Gb  os_dbg.o [1]
OSDbg_StkWidth          0x00007e21    0x1  Data  Gb  os_dbg.o [1]
OSDbg_TCBSize           0x00007dfc    0x2  Data  Gb  os_dbg.o [1]
OSDbg_TaskChangePrioEn  0x00007e24    0x1  Data  Gb  os_dbg.o [1]
OSDbg_TaskDelEn         0x00007e25    0x1  Data  Gb  os_dbg.o [1]
OSDbg_TaskProfileEn     0x00007e28    0x1  Data  Gb  os_dbg.o [1]
OSDbg_TaskQEn           0x00007e26    0x1  Data  Gb  os_dbg.o [1]
OSDbg_TaskQPendAbortEn  0x00007e27    0x1  Data  Gb  os_dbg.o [1]
OSDbg_TaskRegTblSize    0x00007dfa    0x2  Data  Gb  os_dbg.o [1]
OSDbg_TaskSemPendAbortEn
                        0x00007e29    0x1  Data  Gb  os_dbg.o [1]
OSDbg_TaskSuspendEn     0x00007e2a    0x1  Data  Gb  os_dbg.o [1]
OSDbg_TickSpokeSize     0x00007dfe    0x2  Data  Gb  os_dbg.o [1]
OSDbg_TimeDlyHMSMEn     0x00007e2b    0x1  Data  Gb  os_dbg.o [1]
OSDbg_TimeDlyResumeEn   0x00007e2c    0x1  Data  Gb  os_dbg.o [1]
OSDbg_Tmr               0x00007a8c   0x34  Data  Gb  os_dbg.o [1]
OSDbg_TmrDelEn          0x00007e2e    0x1  Data  Gb  os_dbg.o [1]
OSDbg_TmrEn             0x00007e2d    0x1  Data  Gb  os_dbg.o [1]
OSDbg_TmrSize           0x00007e00    0x2  Data  Gb  os_dbg.o [1]
OSDbg_TmrSpokeSize      0x00007e02    0x2  Data  Gb  os_dbg.o [1]
OSDbg_VersionNbr        0x00007e04    0x2  Data  Gb  os_dbg.o [1]
OSFlagCreate            0x000045a5   0x74  Code  Gb  os_flag.o [1]
OSFlagDbgListPtr        0x20002a6c    0x4  Data  Gb  os_var.o [1]
OSFlagPend              0x00004619  0x2f4  Code  Gb  os_flag.o [1]
OSFlagPost              0x0000490d   0x6a  Code  Gb  os_flag.o [1]
OSFlagQty               0x20002ad0    0x2  Data  Gb  os_var.o [1]
OSIdleTaskCtr           0x20002a64    0x4  Data  Gb  os_var.o [1]
OSIdleTaskHook          0x00002579   0x12  Code  Gb  os_cpu_c.o [1]
OSIdleTaskTCB           0x200024ec   0xc4  Data  Gb  os_var.o [1]
OSInit                  0x00002cad  0x14c  Code  Gb  os_core.o [1]
OSInitHook              0x0000258b   0x14  Code  Gb  os_cpu_c.o [1]
OSIntDisTimeMax         0x20002a68    0x4  Data  Gb  os_var.o [1]
OSIntEnter              0x00002df9   0x24  Code  Gb  os_core.o [1]
OSIntExit               0x00002e1d   0xc8  Code  Gb  os_core.o [1]
OSIntNestingCtr         0x20002add    0x1  Data  Gb  os_var.o [1]
OSMemDbgListPtr         0x20002a70    0x4  Data  Gb  os_var.o [1]
OSMemQty                0x20002ad2    0x2  Data  Gb  os_var.o [1]
OSMsgPool               0x20002a0c    0x8  Data  Gb  os_var.o [1]
OSMutexDbgListPtr       0x20002a74    0x4  Data  Gb  os_var.o [1]
OSMutexQty              0x20002ad4    0x2  Data  Gb  os_var.o [1]
OSPrioCur               0x20002adf    0x1  Data  Gb  os_var.o [1]
OSPrioHighRdy           0x20002ae0    0x1  Data  Gb  os_var.o [1]
OSPrioTbl               0x20002a44    0x4  Data  Gb  os_prio.o [1]
OSQDbgListPtr           0x20002a78    0x4  Data  Gb  os_var.o [1]
OSQQty                  0x20002ad6    0x2  Data  Gb  os_var.o [1]
OSRdyList               0x2000295c   0x60  Data  Gb  os_var.o [1]
OSRunning               0x20002ade    0x1  Data  Gb  os_var.o [1]
OSSched                 0x00002ee5   0x8e  Code  Gb  os_core.o [1]
OSSchedLock             0x00002f73   0x68  Code  Gb  os_core.o [1]
OSSchedLockNestingCtr   0x20002ae1    0x1  Data  Gb  os_var.o [1]
OSSchedLockTimeBegin    0x20002a7c    0x4  Data  Gb  os_var.o [1]
OSSchedLockTimeMax      0x20002a80    0x4  Data  Gb  os_var.o [1]
OSSchedLockTimeMaxCur   0x20002a84    0x4  Data  Gb  os_var.o [1]
OSSchedRoundRobinDfltTimeQuanta
                        0x20002a88    0x4  Data  Gb  os_var.o [1]
OSSchedRoundRobinEn     0x20002ae2    0x1  Data  Gb  os_var.o [1]
OSSchedUnlock           0x00002fdb   0x88  Code  Gb  os_core.o [1]
OSSemDbgListPtr         0x20002a8c    0x4  Data  Gb  os_var.o [1]
OSSemQty                0x20002ad8    0x2  Data  Gb  os_var.o [1]
OSStart                 0x00003063   0x64  Code  Gb  os_core.o [1]
OSStartHighRdy          0x000052c1         Code  Gb  os_cpu_a.o [1]
OSStatReset             0x000041bd   0xd4  Code  Gb  os_stat.o [1]
OSStatResetFlag         0x20002ae5    0x1  Data  Gb  os_var.o [1]
OSStatTaskCPUUsage      0x20002ae3    0x1  Data  Gb  os_var.o [1]
OSStatTaskCPUUsageInit  0x00004291   0xa2  Code  Gb  os_stat.o [1]
OSStatTaskCtr           0x20002a90    0x4  Data  Gb  os_var.o [1]
OSStatTaskCtrMax        0x20002a94    0x4  Data  Gb  os_var.o [1]
OSStatTaskCtrRun        0x20002a98    0x4  Data  Gb  os_var.o [1]
OSStatTaskHook          0x0000259f   0x12  Code  Gb  os_cpu_c.o [1]
OSStatTaskRdy           0x20002ae4    0x1  Data  Gb  os_var.o [1]
OSStatTaskTCB           0x200025b0   0xc4  Data  Gb  os_var.o [1]
OSStatTaskTimeMax       0x20002a9c    0x4  Data  Gb  os_var.o [1]
OSTCBCurPtr             0x20002ac4    0x4  Data  Gb  os_var.o [1]
OSTCBHighRdyPtr         0x20002ac8    0x4  Data  Gb  os_var.o [1]
OSTaskCreate            0x000019b5  0x1b8  Code  Gb  os_task.o [1]
OSTaskCreateHook        0x000025b1   0x16  Code  Gb  os_cpu_c.o [1]
OSTaskCtxSwCtr          0x20002aa0    0x4  Data  Gb  os_var.o [1]
OSTaskDbgListPtr        0x20002aa4    0x4  Data  Gb  os_var.o [1]
OSTaskDel               0x00001b6d  0x106  Code  Gb  os_task.o [1]
OSTaskDelHook           0x000025c7   0x16  Code  Gb  os_cpu_c.o [1]
OSTaskQFlush            0x00001c73   0x64  Code  Gb  os_task.o [1]
OSTaskQPend             0x00001cd7  0x1ee  Code  Gb  os_task.o [1]
OSTaskQPost             0x00001ec5   0x34  Code  Gb  os_task.o [1]
OSTaskQty               0x20002ada    0x2  Data  Gb  os_var.o [1]
OSTaskReturnHook        0x000025dd   0x16  Code  Gb  os_cpu_c.o [1]
OSTaskSemPend           0x00001ef9  0x1d2  Code  Gb  os_task.o [1]
OSTaskSemPost           0x000020cb   0x26  Code  Gb  os_task.o [1]
OSTaskStkChk            0x000020f1   0xc8  Code  Gb  os_task.o [1]
OSTaskStkInit           0x000025f3   0x82  Code  Gb  os_cpu_c.o [1]
OSTaskSwHook            0x00002675   0x94  Code  Gb  os_cpu_c.o [1]
OSTickCtr               0x20002aa8    0x4  Data  Gb  os_var.o [1]
OSTickTaskTCB           0x20002674   0xc4  Data  Gb  os_var.o [1]
OSTickTaskTimeMax       0x20002aac    0x4  Data  Gb  os_var.o [1]
OSTimeDly               0x00003d1d   0xb2  Code  Gb  os_time.o [1]
OSTimeDlyHMSM           0x00003dcf  0x1dc  Code  Gb  os_time.o [1]
OSTimeDlyResume         0x00003fab  0x110  Code  Gb  os_time.o [1]
OSTimeTick              0x000040bb   0x46  Code  Gb  os_time.o [1]
OSTimeTickHook          0x00002709   0x12  Code  Gb  os_cpu_c.o [1]
OSTmrDbgListPtr         0x20002ab0    0x4  Data  Gb  os_var.o [1]
OSTmrTaskTCB            0x20002738   0xc4  Data  Gb  os_var.o [1]
OSTmrTaskTimeMax        0x20002ab4    0x4  Data  Gb  os_var.o [1]
OSTmrTickCtr            0x20002ab8    0x4  Data  Gb  os_var.o [1]
OSTmrUpdateCnt          0x20002abc    0x4  Data  Gb  os_var.o [1]
OSTmrUpdateCtr          0x20002ac0    0x4  Data  Gb  os_var.o [1]
OS_AppIdleTaskHookPtr   0x20002a54    0x4  Data  Gb  os_var.o [1]
OS_AppStatTaskHookPtr   0x20002a58    0x4  Data  Gb  os_var.o [1]
OS_AppTaskCreateHookPtr
                        0x20002a48    0x4  Data  Gb  os_var.o [1]
OS_AppTaskDelHookPtr    0x20002a4c    0x4  Data  Gb  os_var.o [1]
OS_AppTaskReturnHookPtr
                        0x20002a50    0x4  Data  Gb  os_var.o [1]
OS_AppTaskSwHookPtr     0x20002a5c    0x4  Data  Gb  os_var.o [1]
OS_AppTimeTickHookPtr   0x20002a60    0x4  Data  Gb  os_var.o [1]
OS_CPU_ExceptStkBase    0x20002a40    0x4  Data  Gb  os_cpu_c.o [1]
OS_CPU_PendSVHandler    0x000052df         Code  Gb  os_cpu_a.o [1]
OS_CPU_SysTickHandler   0x0000271b   0x2c  Code  Gb  os_cpu_c.o [1]
OS_CPU_SysTickInit      0x00002747   0x2e  Code  Gb  os_cpu_c.o [1]
OS_Dbg_Init             0x00004f79  0x234  Code  Gb  os_dbg.o [1]
OS_FlagBlock            0x00004977   0x3a  Code  Gb  os_flag.o [1]
OS_FlagDbgListAdd       0x000049c3   0x28  Code  Gb  os_flag.o [1]
OS_FlagInit             0x000049b1   0x12  Code  Gb  os_flag.o [1]
OS_FlagPost             0x00004a09  0x160  Code  Gb  os_flag.o [1]
OS_FlagTaskRdy          0x00004b69   0x5a  Code  Gb  os_flag.o [1]
OS_IdleTask             0x000030c7   0x3c  Code  Gb  os_core.o [1]
OS_IdleTaskInit         0x00003103   0x52  Code  Gb  os_core.o [1]
OS_MemInit              0x00004bc5   0x12  Code  Gb  os_mem.o [1]
OS_MsgPoolCreate        0x000027bd   0x42  Code  Gb  os_msg.o [1]
OS_MsgPoolInit          0x000027ff   0x4c  Code  Gb  os_msg.o [1]
OS_MsgQFreeAll          0x0000284b   0x4c  Code  Gb  os_msg.o [1]
OS_MsgQGet              0x000028ab   0x76  Code  Gb  os_msg.o [1]
OS_MsgQInit             0x00002897   0x14  Code  Gb  os_msg.o [1]
OS_MsgQPut              0x00002921   0xde  Code  Gb  os_msg.o [1]
OS_MutexInit            0x00004be1   0x12  Code  Gb  os_mutex.o [1]
OS_Pend                 0x00003155   0x76  Code  Gb  os_core.o [1]
OS_PendDataInit         0x000031cb   0x36  Code  Gb  os_core.o [1]
OS_PendDbgNameAdd       0x00003201   0x4c  Code  Gb  os_core.o [1]
OS_PendDbgNameRemove    0x0000324d   0x28  Code  Gb  os_core.o [1]
OS_PendListInit         0x0000327d    0xe  Code  Gb  os_core.o [1]
OS_PendListInsertPrio   0x0000328b   0x7a  Code  Gb  os_core.o [1]
OS_PendListRemove       0x00003305   0x38  Code  Gb  os_core.o [1]
OS_PendListRemove1      0x0000333d   0x54  Code  Gb  os_core.o [1]
OS_Post                 0x00003391   0xdc  Code  Gb  os_core.o [1]
OS_Post1                0x0000346d   0x2c  Code  Gb  os_core.o [1]
OS_PrioGetHighest       0x00002c23   0x26  Code  Gb  os_prio.o [1]
OS_PrioInit             0x00002c0d   0x16  Code  Gb  os_prio.o [1]
OS_PrioInsert           0x00002c49   0x30  Code  Gb  os_prio.o [1]
OS_PrioRemove           0x00002c79   0x30  Code  Gb  os_prio.o [1]
OS_QInit                0x00004bfd   0x12  Code  Gb  os_q.o [1]
OS_RdyListInit          0x00003499   0x28  Code  Gb  os_core.o [1]
OS_RdyListInsert        0x000034c1   0x28  Code  Gb  os_core.o [1]
OS_RdyListInsertHead    0x000034e9   0x42  Code  Gb  os_core.o [1]
OS_RdyListInsertTail    0x00003531   0x40  Code  Gb  os_core.o [1]
OS_RdyListMoveHeadToTail
                        0x000035a1   0x4a  Code  Gb  os_core.o [1]
OS_RdyListRemove        0x000035eb   0x62  Code  Gb  os_core.o [1]
OS_SchedLockTimeMeasStart
                        0x0000365d   0x14  Code  Gb  os_core.o [1]
OS_SchedLockTimeMeasStop
                        0x00003671   0x30  Code  Gb  os_core.o [1]
OS_SchedRoundRobin      0x000036a5   0xaa  Code  Gb  os_core.o [1]
OS_SemInit              0x00004c19   0x12  Code  Gb  os_sem.o [1]
OS_StatTask             0x00004333  0x182  Code  Gb  os_stat.o [1]
OS_StatTaskInit         0x000044b5   0x92  Code  Gb  os_stat.o [1]
OS_TaskBlock            0x000037ad   0x3c  Code  Gb  os_core.o [1]
OS_TaskDbgListAdd       0x000021b9   0x32  Code  Gb  os_task.o [1]
OS_TaskDbgListRemove    0x000021f1   0x4e  Code  Gb  os_task.o [1]
OS_TaskInit             0x0000223f   0x18  Code  Gb  os_task.o [1]
OS_TaskInitTCB          0x0000225d  0x118  Code  Gb  os_task.o [1]
OS_TaskQPost            0x0000237d   0xe2  Code  Gb  os_task.o [1]
OS_TaskRdy              0x000037e9   0x1a  Code  Gb  os_core.o [1]
OS_TaskReturn           0x00002465   0x14  Code  Gb  os_task.o [1]
OS_TaskSemPost          0x00002485   0xda  Code  Gb  os_task.o [1]
OS_TickListInit         0x000038a1   0x2e  Code  Gb  os_tick.o [1]
OS_TickListInsert       0x000038cf  0x1e8  Code  Gb  os_tick.o [1]
OS_TickListRemove       0x00003ab7   0x4e  Code  Gb  os_tick.o [1]
OS_TickListResetPeak    0x00003b05   0x22  Code  Gb  os_tick.o [1]
OS_TickListUpdate       0x00003b27  0x194  Code  Gb  os_tick.o [1]
OS_TickTask             0x00003805   0x28  Code  Gb  os_tick.o [1]
OS_TickTaskInit         0x0000382d   0x74  Code  Gb  os_tick.o [1]
OS_TmrInit              0x00004c35   0xe0  Code  Gb  os_tmr.o [1]
OS_TmrLink              0x00004d15   0xdc  Code  Gb  os_tmr.o [1]
OS_TmrResetPeak         0x00004df1   0x22  Code  Gb  os_tmr.o [1]
OS_TmrTask              0x00004e71   0xc8  Code  Gb  os_tmr.o [1]
OS_TmrUnlink            0x00004e13   0x5a  Code  Gb  os_tmr.o [1]
PWMGenConfigure         0x00006901   0x28  Code  Gb  pwm.o [1]
PWMGenEnable            0x0000693d    0xa  Code  Gb  pwm.o [1]
PWMGenPeriodSet         0x00006929   0x14  Code  Gb  pwm.o [1]
PWMOutputInvert         0x00006983   0x16  Code  Gb  pwm.o [1]
PWMOutputState          0x0000696d   0x16  Code  Gb  pwm.o [1]
PWMPulseWidthSet        0x00006947   0x26  Code  Gb  pwm.o [1]
Region$$Table$$Base     0x00007b94          --   Gb  - Linker created -
Region$$Table$$Limit    0x00007bb8          --   Gb  - Linker created -
SysCtlClockGet          0x000055e7  0x200  Code  Gb  sysctl.o [1]
SysCtlClockSet          0x00005485  0x162  Code  Gb  sysctl.o [1]
SysCtlDelay             0x0000547d    0x8  Code  Gb  sysctl.o [1]
SysCtlPWMClockSet       0x000057e7   0x10  Code  Gb  sysctl.o [1]
SysCtlPeripheralEnable  0x00005455   0x26  Code  Gb  sysctl.o [1]
SysCtlPeripheralReset   0x000053f5   0x60  Code  Gb  sysctl.o [1]
_GenldFull              0x00000c1b  0x264  Code  Lc  xprintffull.o [3]
_LdtobFull              0x00000819  0x3fc  Code  Lc  xprintffull.o [3]
_LitobFull              0x00000711  0x106  Code  Lc  xprintffull.o [3]
_PrintfFull             0x0000011d  0x580  Code  Gb  xprintffull.o [3]
_PutcharsFull           0x00000e7f   0x2e  Code  Lc  xprintffull.o [3]
_SProut                 0x00000f63    0xa  Code  Gb  xsprout.o [3]
__aeabi_cdcmple         0x0000116d         Code  Gb  DblCmpLe.o [4]
__aeabi_cdrcmple        0x0000119d         Code  Gb  DblCmpGe.o [4]
__aeabi_d2iz            0x000012dd         Code  Gb  DblToI32.o [4]
__aeabi_d2uiz           0x00001309         Code  Gb  DblToI32.o [4]
__aeabi_ddiv            0x00001689         Code  Gb  DblDiv.o [4]
__aeabi_dmul            0x000014e5         Code  Gb  DblMul.o [4]
__aeabi_dsub            0x00001365         Code  Gb  DblSub.o [4]
__aeabi_i2d             0x00001335         Code  Gb  I32ToDbl.o [4]
__aeabi_ldiv0           0x000018dd         Code  Gb  I64DivZer.o [5]
__aeabi_memset          0x00007755         Code  Gb  ABImemset.o [5]
__aeabi_ui2d            0x00001349         Code  Gb  I32ToDbl.o [4]
__aeabi_uldivmod        0x00000fc5         Code  Gb  I64DivMod.o [5]
__cmain                 0x00007bf5         Code  Gb  cmain.o [5]
__exit                  0x00007c25   0x14  Code  Gb  exit.o [6]
__iar_Dnorm             0x0000112b   0x42  Code  Gb  xdnorm.o [4]
__iar_Dscale            0x000011cd  0x110  Code  Gb  xdscale.o [4]
__iar_Memchr            0x00000f6d         Code  Gb  memchr.o [5]
__iar_Memset            0x00007755         Code  Gb  ABImemset.o [5]
__iar_Memset_word       0x0000775d         Code  Gb  ABImemset.o [5]
__iar_Strchr            0x00000ef5         Code  Gb  strchr.o [5]
__iar_copy_init3        0x00000ec7   0x2e  Code  Gb  copy_init3.o [5]
__iar_d2uiz             0x00001315         Code  Gb  DblToI32.o [4]
__iar_dadd              0x000018e1         Code  Gb  DblAdd.o [4]
__iar_data_init3        0x00007b6d   0x28  Code  Gb  data_init.o [5]
__iar_dsub              0x00001379         Code  Gb  DblSub.o [4]
__iar_dsubStart         0x0000138b         Code  Gb  DblSub.o [4]
__iar_program_start     0x00007d29         Code  Gb  cstartup_M.o [5]
__iar_ui2d              0x0000134d         Code  Gb  I32ToDbl.o [4]
__iar_unaligned___aeabi_memcpy
                        0x000010b5         Code  Gb  ABImemcpy_unaligned.o [5]
__iar_unaligned___aeabi_memcpy4
                        0x000010d5         Code  Gb  ABImemcpy_unaligned.o [5]
__iar_unaligned___aeabi_memcpy8
                        0x000010d5         Code  Gb  ABImemcpy_unaligned.o [5]
__iar_zero_init3        0x00000f0b   0x22  Code  Gb  zero_init3.o [5]
__low_level_init        0x00007c0f    0x4  Code  Gb  low_level_init.o [3]
__vector_table          0x00000000  0x11c  Data  Gb  app_vect.o [1]
_call_main              0x00007c01         Code  Gb  cmain.o [5]
_exit                   0x00007c19         Code  Gb  cexit.o [5]
_main                   0x00007c0b         Code  Gb  cmain.o [5]
act_on_traversal_sec_state
                        0x00006fa3   0x66  Code  Lc  app.o [1]
bLED                    0x20000004    0x2  Data  Lc  app.o [1]
coordinator             0x200027fc   0x90  Data  Lc  app.o [1]
distCount               0x20002a14    0x4  Data  Gb  app.o [1]
div                     0x000018cf    0xe  Code  Gb  div.o [3]
enComputeDist           0x20000006    0x1  Data  Lc  app.o [1]
exit                    0x00007c13    0x4  Code  Gb  exit.o [3]
g_pucFont               0x000077bc  0x1dc  Data  Lc  bsp_display.o [1]
g_pucRITInit            0x000079f4   0x50  Data  Lc  bsp_display.o [1]
g_pucRow1               0x00007d54    0x8  Data  Lc  bsp_display.o [1]
g_pucRow2               0x00007d5c    0x8  Data  Lc  bsp_display.o [1]
g_pulGPIOBaseAddrs      0x00007a44   0x48  Data  Lc  gpio.o [1]
g_pulRCGCRegs           0x00007d10    0xc  Data  Lc  sysctl.o [1]
g_pulSRCRRegs           0x00007d04    0xc  Data  Lc  sysctl.o [1]
g_pulXtals              0x00007998   0x5c  Data  Lc  sysctl.o [1]
g_sOutBuffers           0x200029e4   0x18  Data  Lc  bsp_sound.o [1]
g_ucColumnAdjust        0x20000000    0x4  Data  Lc  bsp_display.o [1]
g_ulDMAFlags            0x20002a20    0x4  Data  Lc  bsp_sound.o [1]
g_ulDelay               0x20002a1c    0x4  Data  Lc  bsp_display.o [1]
g_ulPlaying             0x20002a24    0x4  Data  Lc  bsp_sound.o [1]
main                    0x00006cdd   0x52  Code  Gb  app.o [1]
memchr                  0x00000f6d         Code  Gb  memchr.o [5]
memset                  0x00007741   0x14  Code  Gb  memset.o [3]
sDMAControlTable        0x20000800  0x400  Data  Gb  bsp_sound.o [1]
sprintf                 0x0000770d   0x34  Code  Gb  sprintf.o [3]
strchr                  0x00000ef5         Code  Gb  strchr.o [5]
strlen                  0x00000f2d         Code  Gb  strlen.o [5]
uDMAChannelAttributeDisable
                        0x000069a7   0x32  Code  Gb  udma.o [1]
uDMAChannelModeGet      0x000069d9   0x2a  Code  Gb  udma.o [1]
uDMAControlBaseSet      0x000069a1    0x6  Code  Gb  udma.o [1]
uDMAEnable              0x00006999    0x8  Code  Gb  udma.o [1]


[1] = F:\EIT 3\Foundations of Cyber Physical Systems\Micrium\Software\EvalBoards\TI\LM3S9B92-EVALBOT\IAR\uCOS-III-Path\Flash\Obj
[2] = command line
[3] = dl7M_tln.a
[4] = m7M_tl.a
[5] = rt7M_tl.a
[6] = shb_l.a

  30 470 bytes of readonly  code memory
   1 842 bytes of readonly  data memory
  12 005 bytes of readwrite data memory

Errors: none
Warnings: none
